Could not find the file: /home/vaibhav/code/learning/UCB-CS61C/RISCV-CPU/tests/part_b/custom/inputs/loads.s
